// Vitest Snapshot v1, https://vitest.dev/guide/snapshot.html

exports[`resolvePermissions — BASE → CLIENT → DEPARTMENT → EMPLOYEE > produces a stable CRUD matrix across every module and layer combination 1`] = `
[
  "employee --- ----",
  "employee c-- VC--",
  "employee -d- ----",
  "employee cd- V---",
  "employee --e -CE-",
  "employee c-e VCE-",
  "employee -de -CE-",
  "employee cde VCE-",
  "product --- ----",
  "product c-- VC--",
  "product -d- ----",
  "product cd- V---",
  "product --e -CE-",
  "product c-e VCE-",
  "product -de -CE-",
  "product cde VCE-",
  "material --- ----",
  "material c-- VC--",
  "material -d- ----",
  "material cd- V---",
  "material --e -CE-",
  "material c-e VCE-",
  "material -de -CE-",
  "material cde VCE-",
  "customer --- ----",
  "customer c-- VC--",
  "customer -d- ----",
  "customer cd- V---",
  "customer --e -CE-",
  "customer c-e VCE-",
  "customer -de -CE-",
  "customer cde VCE-",
  "vendor --- ----",
  "vendor c-- VC--",
  "vendor -d- ----",
  "vendor cd- V---",
  "vendor --e -CE-",
  "vendor c-e VCE-",
  "vendor -de -CE-",
  "vendor cde VCE-",
  "salesOrder --- ----",
  "salesOrder c-- VC--",
  "salesOrder -d- ----",
  "salesOrder cd- V---",
  "salesOrder --e -CE-",
  "salesOrder c-e VCE-",
  "salesOrder -de -CE-",
  "salesOrder cde VCE-",
  "deliveryRequest --- ----",
  "deliveryRequest c-- VC--",
  "deliveryRequest -d- ----",
  "deliveryRequest cd- V---",
  "deliveryRequest --e -CE-",
  "deliveryRequest c-e VCE-",
  "deliveryRequest -de -CE-",
  "deliveryRequest cde VCE-",
  "goodsReceipt --- ----",
  "goodsReceipt c-- VC--",
  "goodsReceipt -d- ----",
  "goodsReceipt cd- V---",
  "goodsReceipt --e -CE-",
  "goodsReceipt c-e VCE-",
  "goodsReceipt -de -CE-",
  "goodsReceipt cde VCE-",
  "warehouseReceipt --- ----",
  "warehouseReceipt c-- VC--",
  "warehouseReceipt -d- ----",
  "warehouseReceipt cd- V---",
  "warehouseReceipt --e -CE-",
  "warehouseReceipt c-e VCE-",
  "warehouseReceipt -de -CE-",
  "warehouseReceipt cde VCE-",
  "warehouseDeliveryNote --- ----",
  "warehouseDeliveryNote c-- VC--",
  "warehouseDeliveryNote -d- ----",
  "warehouseDeliveryNote cd- V---",
  "warehouseDeliveryNote --e -CE-",
  "warehouseDeliveryNote c-e VCE-",
  "warehouseDeliveryNote -de -CE-",
  "warehouseDeliveryNote cde VCE-",
  "transportOrder --- ----",
  "transportOrder c-- VC--",
  "transportOrder -d- ----",
  "transportOrder cd- V---",
  "transportOrder --e -CE-",
  "transportOrder c-e VCE-",
  "transportOrder -de -CE-",
  "transportOrder cde VCE-",
  "location --- ----",
  "location c-- VC--",
  "location -d- ----",
  "location cd- V---",
  "location --e -CE-",
  "location c-e VCE-",
  "location -de -CE-",
  "location cde VCE-",
  "productInventory --- ----",
  "productInventory c-- VC--",
  "productInventory -d- ----",
  "productInventory cd- V---",
  "productInventory --e -CE-",
  "productInventory c-e VCE-",
  "productInventory -de -CE-",
  "productInventory cde VCE-",
  "materialInventory --- ----",
  "materialInventory c-- VC--",
  "materialInventory -d- ----",
  "materialInventory cd- V---",
  "materialInventory --e -CE-",
  "materialInventory c-e VCE-",
  "materialInventory -de -CE-",
  "materialInventory cde VCE-",
  "permissionManagement --- ----",
  "permissionManagement c-- VC--",
  "permissionManagement -d- ----",
  "permissionManagement cd- V---",
  "permissionManagement --e -CE-",
  "permissionManagement c-e VCE-",
  "permissionManagement -de -CE-",
  "permissionManagement cde VCE-",
  "lookup --- ----",
  "lookup c-- VC--",
  "lookup -d- ----",
  "lookup cd- V---",
  "lookup --e -CE-",
  "lookup c-e VCE-",
  "lookup -de -CE-",
  "lookup cde VCE-",
  "lookupV2 --- ----",
  "lookupV2 c-- VC--",
  "lookupV2 -d- ----",
  "lookupV2 cd- V---",
  "lookupV2 --e -CE-",
  "lookupV2 c-e VCE-",
  "lookupV2 -de -CE-",
  "lookupV2 cde VCE-",
  "truck --- ----",
  "truck c-- VC--",
  "truck -d- ----",
  "truck cd- V---",
  "truck --e -CE-",
  "truck c-e VCE-",
  "truck -de -CE-",
  "truck cde VCE-",
  "oilTank --- ----",
  "oilTank c-- VC--",
  "oilTank -d- ----",
  "oilTank cd- V---",
  "oilTank --e -CE-",
  "oilTank c-e VCE-",
  "oilTank -de -CE-",
  "oilTank cde VCE-",
  "greenhouse --- ----",
  "greenhouse c-- VC--",
  "greenhouse -d- ----",
  "greenhouse cd- V---",
  "greenhouse --e -CE-",
  "greenhouse c-e VCE-",
  "greenhouse -de -CE-",
  "greenhouse cde VCE-",
  "crop --- ----",
  "crop c-- VC--",
  "crop -d- ----",
  "crop cd- V---",
  "crop --e -CE-",
  "crop c-e VCE-",
  "crop -de -CE-",
  "crop cde VCE-",
  "cropDiaryTemplate --- ----",
  "cropDiaryTemplate c-- VC--",
  "cropDiaryTemplate -d- ----",
  "cropDiaryTemplate cd- V---",
  "cropDiaryTemplate --e -CE-",
  "cropDiaryTemplate c-e VCE-",
  "cropDiaryTemplate -de -CE-",
  "cropDiaryTemplate cde VCE-",
  "cropDiary --- ----",
  "cropDiary c-- VC--",
  "cropDiary -d- ----",
  "cropDiary cd- V---",
  "cropDiary --e -CE-",
  "cropDiary c-e VCE-",
  "cropDiary -de -CE-",
  "cropDiary cde VCE-",
  "transportRoute --- ----",
  "transportRoute c-- VC--",
  "transportRoute -d- ----",
  "transportRoute cd- V---",
  "transportRoute --e -CE-",
  "transportRoute c-e VCE-",
  "transportRoute -de -CE-",
  "transportRoute cde VCE-",
]
`;
